// Jest Snapshot v1, https://goo.gl/fbAQLP

exports[`here is the test for list renders the UI as expected 1`] = `
<section
  className="List"
>
  <header>
    <h2>
      First list
    </h2>
  </header>
  <div
    className="List-cards"
  >
    <button
      class="List-add-button"
      type="button"
    >
      + Add Random Card
    </button>
  </div>
</section>
`;
